The flag 'directory' used in rule all is only valid for outputs, not inputs.
Building DAG of jobs...
Using shell: /usr/bin/bash
Provided cores: 4
Rules claiming more threads will be scaled down.
Job stats:
job               count
--------------  -------
all                   1
disprotencoder        1
total                 2

Select jobs to execute...

[Fri Aug 21 18:02:28 2026]
localrule disprotencoder:
    input: consensus_IDR.txt
    output: Data
    jobid: 1
    reason: Missing output files: Data
    resources: tmpdir=/tmp

Waiting at most 5 seconds for missing files.
MissingOutputException in rule disprotencoder in file /home/jcape/coding/IDR-Finder/snakefile, line 5:
Job 1  completed successfully, but some output files are missing. Missing files after 5 seconds. This might be due to filesystem latency. If that is the case, consider to increase the wait time with --latency-wait:
Data
Shutting down, this might take some time.
Exiting because a job execution failed. Look above for error message
Complete log: .snakemake/log/2026-08-21T180228.037060.snakemake.log
