Building DAG of jobs...
Using shell: /usr/bin/bash
Provided cores: 4
Rules claiming more threads will be scaled down.
Job stats:
job               count
--------------  -------
all                   1
disprotencoder        1
total                 2

Select jobs to execute...

[Fri Aug 21 19:54:35 2026]
rule disprotencoder:
    input: consensus_IDR.txt
    output: Data
    jobid: 1
    reason: Missing output files: Data
    resources: tmpdir=/tmp

[Fri Aug 21 20:07:32 2026]
Finished job 1.
1 of 2 steps (50%) done
Select jobs to execute...

[Fri Aug 21 20:07:32 2026]
localrule all:
    input: Data
    jobid: 0
    reason: Input files updated by another job: Data
    resources: tmpdir=/tmp

[Fri Aug 21 20:07:32 2026]
Finished job 0.
2 of 2 steps (100%) done
Complete log: .snakemake/log/2026-08-21T195434.986774.snakemake.log
