Building DAG of jobs...
Using shell: /usr/bin/bash
Provided cores: 4
Rules claiming more threads will be scaled down.
Job stats:
job             count
------------  -------
all                 1
split_fastas        1
total               2

Select jobs to execute...

[Fri Aug 21 20:26:13 2026]
rule split_fastas:
    input: Data/consensus_IDR_recoded.txt, Data/UniProt.fasta
    output: Data/test_uniprot.fasta, Data/train_uniprot.fasta, Data/validation_uniprot.fasta, Data/test_recoded.fasta, Data/train_recoded.fasta, Data/validation_recoded.fasta
    jobid: 1
    reason: Missing output files: Data/test_uniprot.fasta
    resources: tmpdir=/tmp

[Fri Aug 21 20:26:16 2026]
Finished job 1.
1 of 2 steps (50%) done
Select jobs to execute...

[Fri Aug 21 20:26:16 2026]
localrule all:
    input: Data/test_uniprot.fasta
    jobid: 0
    reason: Input files updated by another job: Data/test_uniprot.fasta
    resources: tmpdir=/tmp

[Fri Aug 21 20:26:16 2026]
Finished job 0.
2 of 2 steps (100%) done
Complete log: .snakemake/log/2026-08-21T202612.700551.snakemake.log
