Building DAG of jobs...
Using shell: /usr/bin/bash
Provided cores: 4
Rules claiming more threads will be scaled down.
Job stats:
job                       count
----------------------  -------
all                           1
download_consensus_tsv        1
total                         2

Select jobs to execute...

[Fri Aug 21 17:31:08 2026]
rule download_consensus_tsv:
    output: Data/disprot_consensus.tsv
    jobid: 1
    reason: Missing output files: Data/disprot_consensus.tsv
    resources: tmpdir=/tmp

[Fri Aug 21 17:31:21 2026]
Finished job 1.
1 of 2 steps (50%) done
Select jobs to execute...

[Fri Aug 21 17:31:21 2026]
localrule all:
    input: Data/disprot_consensus.tsv
    jobid: 0
    reason: Input files updated by another job: Data/disprot_consensus.tsv
    resources: tmpdir=/tmp

[Fri Aug 21 17:31:21 2026]
Finished job 0.
2 of 2 steps (100%) done
Complete log: .snakemake/log/2026-08-21T173107.693280.snakemake.log
