Building DAG of jobs...
Using shell: /usr/bin/bash
Provided cores: 4
Rules claiming more threads will be scaled down.
Job stats:
job          count
---------  -------
all              1
make_csvs        1
total            2

Select jobs to execute...

[Fri Aug 21 23:30:39 2026]
rule make_csvs:
    input: Data/test_uniprot.fasta, Data/train_uniprot.fasta, Data/validation_uniprot.fasta, Data/test_recoded.fasta, Data/train_recoded.fasta, Data/validation_recoded.fasta
    output: test_csv, train_csv, val_csv
    jobid: 1
    reason: Missing output files: train_csv
    resources: tmpdir=/tmp

[Fri Aug 21 23:30:41 2026]
Finished job 1.
1 of 2 steps (50%) done
Select jobs to execute...

[Fri Aug 21 23:30:41 2026]
localrule all:
    input: train_csv
    jobid: 0
    reason: Input files updated by another job: train_csv
    resources: tmpdir=/tmp

[Fri Aug 21 23:30:41 2026]
Finished job 0.
2 of 2 steps (100%) done
Complete log: .snakemake/log/2026-08-21T233039.321414.snakemake.log
