Building DAG of jobs...
Using shell: /usr/bin/bash
Provided cores: 4
Rules claiming more threads will be scaled down.
Job stats:
job                        count
-----------------------  -------
all                            1
collect_consensus_masks        1
total                          2

Select jobs to execute...

[Fri Aug 21 17:36:29 2026]
rule collect_consensus_masks:
    output: Data/disprot_consensus_masks.fasta
    jobid: 1
    reason: Missing output files: Data/disprot_consensus_masks.fasta; Code has changed since last execution
    resources: tmpdir=/tmp

[Fri Aug 21 17:36:29 2026]
Finished job 1.
1 of 2 steps (50%) done
Select jobs to execute...

[Fri Aug 21 17:36:29 2026]
localrule all:
    input: Data/disprot_consensus_masks.fasta
    jobid: 0
    reason: Input files updated by another job: Data/disprot_consensus_masks.fasta
    resources: tmpdir=/tmp

[Fri Aug 21 17:36:29 2026]
Finished job 0.
2 of 2 steps (100%) done
Complete log: .snakemake/log/2026-08-21T173628.821178.snakemake.log
