Building DAG of jobs...
Using shell: /usr/bin/bash
Provided cores: 4
Rules claiming more threads will be scaled down.
Job stats:
job             count
------------  -------
all                 1
split_fastas        1
total               2

Select jobs to execute...

[Fri Aug 21 20:21:14 2026]
rule split_fastas:
    input: Data/consensus_IDR_recoded.txt
    output: Data/test.fasta, Data/train.fasta, Data/validation.fasta
    jobid: 1
    reason: Missing output files: Data/test.fasta; Code has changed since last execution
    resources: tmpdir=/tmp

[Fri Aug 21 20:21:16 2026]
Finished job 1.
1 of 2 steps (50%) done
Select jobs to execute...

[Fri Aug 21 20:21:16 2026]
localrule all:
    input: Data/test.fasta
    jobid: 0
    reason: Input files updated by another job: Data/test.fasta
    resources: tmpdir=/tmp

[Fri Aug 21 20:21:16 2026]
Finished job 0.
2 of 2 steps (100%) done
Complete log: .snakemake/log/2026-08-21T202114.312586.snakemake.log
