Building DAG of jobs...
Using shell: /usr/bin/bash
Provided cores: 4
Rules claiming more threads will be scaled down.
Job stats:
job                 count
----------------  -------
all                     1
prepare_datasets        1
total                   2

Select jobs to execute...

[Fri Aug 21 23:40:25 2026]
rule prepare_datasets:
    input: Data/fasta/test_uniprot.fasta, Data/fasta/train_uniprot.fasta, Data/fasta/validation_uniprot.fasta, Data/fasta/test_recoded.fasta, Data/fasta/train_recoded.fasta, Data/fasta/validation_recoded.fasta
    output: Data/csv_datasets/test_csv, Data/csv_datasets/train_csv, Data/csv_datasets/val_csv
    jobid: 1
    reason: Missing output files: Data/csv_datasets/train_csv, Data/csv_datasets/test_csv, Data/csv_datasets/val_csv
    resources: tmpdir=/tmp

[Fri Aug 21 23:40:27 2026]
Finished job 1.
1 of 2 steps (50%) done
Select jobs to execute...

[Fri Aug 21 23:40:27 2026]
localrule all:
    input: Data/csv_datasets/test_csv, Data/csv_datasets/train_csv, Data/csv_datasets/val_csv
    jobid: 0
    reason: Input files updated by another job: Data/csv_datasets/val_csv, Data/csv_datasets/train_csv, Data/csv_datasets/test_csv
    resources: tmpdir=/tmp

[Fri Aug 21 23:40:27 2026]
Finished job 0.
2 of 2 steps (100%) done
Complete log: .snakemake/log/2026-08-21T234025.271314.snakemake.log
